../Core/Inc/useful.h:20:13:Timer_Start	16	static
../Core/Inc/useful.h:26:13:Timer_Expired	16	static
../Core/Inc/useful.h:38:14:map	32	static
../Core/Inc/useful.h:43:14:clamp	24	static
../Core/Inc/useful.h:51:14:clamp_max	16	static
../Core/Src/main.c:138:5:main	8	static
../Core/Src/main.c:207:6:SystemClock_Config	88	static
../Core/Src/main.c:246:6:Init	8	static
../Core/Src/main.c:266:6:QEIEncoderPosVel_Update	16	static
../Core/Src/main.c:293:6:Break	8	static
../Core/Src/main.c:299:6:Steerinng	24	static
../Core/Src/main.c:316:6:PickPlace	8	static
../Core/Src/main.c:333:6:HAL_TIM_PeriodElapsedCallback	16	static
../Core/Src/main.c:360:6:HAL_GPIO_EXTI_Callback	16	static
../Core/Src/main.c:371:6:Error_Handler	4	static,ignoring_inline_asm
