21:58:13 **** Incremental Build of configuration Debug for project FRA233_Lab3_State_Estimation ****
make -j16 all 
arm-none-eabi-gcc "../Core/Src/main.c" -mcpu=cortex-m4 -std=gnu11 -g3 -DDEBUG -DUSE_HAL_DRIVER -DSTM32G474xx -c -I../Core/Inc -I../Drivers/STM32G4xx_HAL_Driver/Inc -I../Drivers/STM32G4xx_HAL_Driver/Inc/Legacy -I../Drivers/CMSIS/Device/ST/STM32G4xx/Include -I../Drivers/CMSIS/Include -I../Middlewares/Third_Party/ARM_CMSIS/CMSIS/Core/Include/ -I../Middlewares/Third_Party/ARM_CMSIS/CMSIS/Core_A/Include/ -O0 -ffunction-sections -fdata-sections -Wall -fstack-usage -fcyclomatic-complexity -MMD -MP -MF"Core/Src/main.d" -MT"Core/Src/main.o" --specs=nano.specs -mfpu=fpv4-sp-d16 -mfloat-abi=hard -mthumb -o "Core/Src/main.o"
arm-none-eabi-gcc -o "FRA233_Lab3_State_Estimation.elf" @"objects.list"   -mcpu=cortex-m4 -T"D:\University\Control\LAB\FRA233_Lab3_State_Estimation\STM32G474RETX_FLASH.ld" --specs=nosys.specs -Wl,-Map="FRA233_Lab3_State_Estimation.map" -Wl,--gc-sections -static --specs=nano.specs -mfpu=fpv4-sp-d16 -mfloat-abi=hard -mthumb -Wl,--start-group -lc -lm -Wl,--end-group
Finished building target: FRA233_Lab3_State_Estimation.elf
 
arm-none-eabi-size  FRA233_Lab3_State_Estimation.elf 
arm-none-eabi-objdump -h -S FRA233_Lab3_State_Estimation.elf  > "FRA233_Lab3_State_Estimation.list"
   text	   data	    bss	    dec	    hex	filename
  17440	     20	   1996	  19456	   4c00	FRA233_Lab3_State_Estimation.elf
Finished building: default.size.stdout
 
Finished building: FRA233_Lab3_State_Estimation.list
 

21:58:13 Build Finished. 0 errors, 0 warnings. (took 660ms)

