15:49:08 **** Incremental Build of configuration Debug for project Practical_Exam ****
make -j16 all 
arm-none-eabi-gcc "../Core/Src/main.c" -mcpu=cortex-m4 -std=gnu11 -g3 -DDEBUG -DUSE_HAL_DRIVER -DSTM32G474xx -c -I../Core/Inc -I../Drivers/STM32G4xx_HAL_Driver/Inc -I../Drivers/STM32G4xx_HAL_Driver/Inc/Legacy -I../Drivers/CMSIS/Device/ST/STM32G4xx/Include -I../Drivers/CMSIS/Include -O0 -ffunction-sections -fdata-sections -Wall -fstack-usage -fcyclomatic-complexity -MMD -MP -MF"Core/Src/main.d" -MT"Core/Src/main.o" --specs=nano.specs -mfpu=fpv4-sp-d16 -mfloat-abi=hard -mthumb -o "Core/Src/main.o"
arm-none-eabi-gcc -o "Practical_Exam.elf" @"objects.list"   -mcpu=cortex-m4 -T"D:\University\Basic_Microcontroller\Practical_Exam\STM32G474RETX_FLASH.ld" --specs=nosys.specs -Wl,-Map="Practical_Exam.map" -Wl,--gc-sections -static --specs=nano.specs -mfpu=fpv4-sp-d16 -mfloat-abi=hard -mthumb -Wl,--start-group -lc -lm -Wl,--end-group
Finished building target: Practical_Exam.elf
 
arm-none-eabi-size  Practical_Exam.elf 
arm-none-eabi-objdump -h -S Practical_Exam.elf  > "Practical_Exam.list"
   text	   data	    bss	    dec	    hex	filename
  19840	     20	   1932	  21792	   5520	Practical_Exam.elf
Finished building: default.size.stdout
 
Finished building: Practical_Exam.list
 

15:49:09 Build Finished. 0 errors, 0 warnings. (took 649ms)

