20:37:53 **** Incremental Build of configuration Debug for project STM32 ****
make -j16 all 
arm-none-eabi-gcc "../Core/Src/pid.c" -mcpu=cortex-m4 -std=gnu11 -g3 -DDEBUG -DUSE_HAL_DRIVER -DSTM32G474xx -c -I../Core/Inc -I../Drivers/STM32G4xx_HAL_Driver/Inc -I../Drivers/STM32G4xx_HAL_Driver/Inc/Legacy -I../Drivers/CMSIS/Device/ST/STM32G4xx/Include -I../Drivers/CMSIS/Include -I../Middlewares/Third_Party/ARM_CMSIS/CMSIS/Core/Include/ -I../Middlewares/Third_Party/ARM_CMSIS/CMSIS/Core_A/Include/ -O0 -ffunction-sections -fdata-sections -Wall -fstack-usage -fcyclomatic-complexity -MMD -MP -MF"Core/Src/pid.d" -MT"Core/Src/pid.o" --specs=nano.specs -mfpu=fpv4-sp-d16 -mfloat-abi=hard -mthumb -o "Core/Src/pid.o"
In file included from ../Core/Inc/pid.h:12,
                 from ../Core/Src/pid.c:8:
../Core/Inc/useful.h:38:14: warning: 'map' defined but not used [-Wunused-function]
   38 | static float map(float x, float in_min, float in_max, float out_min,
      |              ^~~
../Core/Inc/useful.h:26:13: warning: 'Timer_Expired' defined but not used [-Wunused-function]
   26 | static bool Timer_Expired(struct DelayTimer *t) {
      |             ^~~~~~~~~~~~~
../Core/Inc/useful.h:20:13: warning: 'Timer_Start' defined but not used [-Wunused-function]
   20 | static void Timer_Start(struct DelayTimer *t, uint32_t ms) {
      |             ^~~~~~~~~~~
arm-none-eabi-gcc -o "STM32.elf" @"objects.list"   -mcpu=cortex-m4 -T"C:\Users\rajap\Downloads\1_DoF\STM32\STM32G474RETX_FLASH.ld" --specs=nosys.specs -Wl,-Map="STM32.map" -Wl,--gc-sections -static --specs=nano.specs -mfpu=fpv4-sp-d16 -mfloat-abi=hard -mthumb -Wl,--start-group -lc -lm -Wl,--end-group
Finished building target: STM32.elf
 
arm-none-eabi-size  STM32.elf 
arm-none-eabi-objdump -h -S STM32.elf  > "STM32.list"
   text	   data	    bss	    dec	    hex	filename
  24236	     32	   2120	  26388	   6714	STM32.elf
Finished building: default.size.stdout
 
Finished building: STM32.list
 

20:37:54 Build Finished. 0 errors, 3 warnings. (took 698ms)

